0 e0223d0037f8433db34fe75724af059c Fri 2022-09-23 08:33:48 EDT Tue 2022-10-04 07:47:33 EDT
